pip install xinference-client rc=0 seconds=9.6 (network + pip cache state unknown)
== installed packages
aiohappyeyeballs==2.7.1
aiohttp==3.14.3
aiosignal==1.4.0
annotated-types==0.8.0
attrs==26.1.0
certifi==2026.7.22
charset-normalizer==3.5.1
frozenlist==1.8.0
idna==3.20
multidict==6.9.0
pip==25.0.1
propcache==0.5.4
pydantic==2.13.5
pydantic_core==2.46.5
requests==2.34.2
typing_extensions==4.16.0
typing-inspection==0.4.4
urllib3==2.8.0
xinference-client==3.4.0
yarl==1.25.1
package_count=20
== import check
restful import error: ModuleNotFoundError No module named 'xinference_client.restful'
xinference_client version: 3.4.0
ML modules loaded after import: none
top-level modules loaded: 170
== package layout (3.4.0)
modules: ['xinference_client._compat', 'xinference_client._version', 'xinference_client.client', 'xinference_client.client.common', 'xinference_client.client.restful', 'xinference_client.client.restful.async_restful_client', 'xinference_client.client.restful.restful_client', 'xinference_client.fields', 'xinference_client.types']
client classes exported at top level: ['AsyncRESTfulClient', 'RESTfulClient']
AsyncRESTfulClient -> xinference_client.client.restful.async_restful_client
RESTfulClient -> xinference_client.client.restful.restful_client
