Using CPython 3.12.10 interpreter at: <home>\AppData\Local\Programs\Python\Python312\python.exe
Creating virtual environment at: .venv
Resolved 35 packages in 11ms
   Building prp-control @ file:///<scratch>/ev01/PRP/apps/control-api
      Built prp-control @ file:///<scratch>/ev01/PRP/apps/control-api
Prepared 1 package in 1.30s
Installed 35 packages in 1.32s
 + annotated-doc==0.0.5
 + annotated-types==0.8.0
 + anyio==4.15.1
 + certifi==2026.7.22
 + click==8.5.0
 + colorama==0.4.6
 + fastapi==0.141.1
 + grimp==3.17
 + h11==0.16.0
 + httpcore==1.0.9
 + httpx==0.28.1
 + idna==3.20
 + import-linter==2.15
 + iniconfig==2.3.0
 + librt==0.15.0
 + markdown-it-py==4.2.0
 + mdurl==0.1.2
 + mypy==1.20.2
 + mypy-extensions==1.1.0
 + packaging==26.3
 + pathspec==1.1.1
 + pluggy==1.6.0
 + prp-control==0.4.0a0 (from file:///<scratch>/ev01/PRP/apps/control-api)
 + pydantic==2.13.5
 + pydantic-core==2.46.5
 + pygments==2.21.0
 + pytest==8.4.2
 + pyyaml==6.0.3
 + rich==15.0.0
 + ruff==0.16.8
 + starlette==1.6.0
 + types-pyyaml==6.0.12.20260906
 + typing-extensions==4.16.0
 + typing-inspection==0.4.4
 + uvicorn==0.53.0
