$ uv run --locked ruff check .
All checks passed!
rc=0
$ uv run --locked ruff format --check .
18 files already formatted
rc=0
$ uv run --locked mypy --strict src/prp_voice
Success: no issues found in 12 source files
rc=0
$ uv run --locked lint-imports

╔══╗─────────▶╔╗ ╔╗      ╔╗◀───┐
╚╣╠╝◀─────┐  ╔╝╚╗║║────▶╔╝╚╗   │
 ║║   ╔══╦══╦╩╗╔╝║║  ╔╦═╩╗╔╝╔═╦══╗
 ║║╔══╣╔╗║╔╗║╔╣║ ║║ ╔╬╣╔╗║║ ║│║╔═╝
╔╣╠╣║║║╚╝║╚╝║║║╚╗║╚═╝║║║║║╚╗║═╣║
╚══╩╩╩╣╔═╩══╩╝╚═╝╚═══╩╩╝╚╩═╩╩═╩╝
  └──▶║║                    ▲ 
      ╚╝────────────────────┘


---------
Contracts
---------

Analyzed 26 files, 38 dependencies.
-----------------------------------

Layered worker (SDD-PRP-REPO 7): server -> lifecycle | engines -> contract KEPT
Only engines/ may touch ML runtimes; contract, lifecycle and server stay 
engine-free KEPT

Contracts: 2 kept, 0 broken.
rc=0
$ uv run --locked pytest tests/unit tests/contracts -q
......................                                                   [100%]
============================== warnings summary ===============================
.venv\Lib\site-packages\fastapi\testclient.py:1
  <scratch>/ev01\PRP\workers\voice\.venv\Lib\site-packages\fastapi\testclient.py:1: StarletteDeprecationWarning: Using `httpx` with `starlette.testclient` is deprecated; install `httpx2` instead.
    from starlette.testclient import TestClient as TestClient  # noqa

.venv\Lib\site-packages\starlette\testclient.py:53
  <scratch>/ev01\PRP\workers\voice\.venv\Lib\site-packages\starlette\testclient.py:53: DeprecationWarning: The anyio.abc.BlockingPortal alias is deprecated, use anyio.from_thread.BlockingPortal instead.
    _PortalFactoryType = Callable[[], AbstractContextManager[anyio.abc.BlockingPortal]]

-- Docs: https://docs.pytest.org/en/stable/how-to/capture-warnings.html
22 passed, 2 warnings in 0.30s
rc=0
